# started Sun Aug 30 10:50:03 PDT 2026 — sym-on, nice 15, caffeinate, mem-watchdog 12%
# solver pid 57818
# 13 generators validated (12 transpositions + reflection)
# q18 SYM-ON run — git af6ab9d1ffeab20d53b6f35ccb711624f22e50ad
# input sha256 a755ab950315c52741c75dff92bd282bfbc8a800cdf6eca1477214d7714a0836
[q18-cone-c5-44333-symon] n=18 m=95 cap=48 | 243 K5s, 2502 K3,3s, 13 sym generators, 18205 clauses, propagator check_at=9
    ... {'checks': 50000, 'confl': 12402, 'model_rej': 0} 110s
    ... {'checks': 100000, 'confl': 23314, 'model_rej': 0} 206s
    ... {'checks': 150000, 'confl': 34552, 'model_rej': 0} 308s
    ... {'checks': 200000, 'confl': 45489, 'model_rej': 0} 412s
    ... {'checks': 250000, 'confl': 53956, 'model_rej': 0} 507s
    ... {'checks': 300000, 'confl': 64065, 'model_rej': 0} 604s
    ... {'checks': 350000, 'confl': 73462, 'model_rej': 0} 692s
    ... {'checks': 400000, 'confl': 82508, 'model_rej': 0} 780s
    ... {'checks': 450000, 'confl': 94571, 'model_rej': 0} 891s
    ... {'checks': 500000, 'confl': 103410, 'model_rej': 0} 971s
    ... {'checks': 550000, 'confl': 110078, 'model_rej': 0} 1037s
    ... {'checks': 600000, 'confl': 117965, 'model_rej': 0} 1117s
    ... {'checks': 650000, 'confl': 125674, 'model_rej': 0} 1190s
    ... {'checks': 700000, 'confl': 132974, 'model_rej': 0} 1261s
    ... {'checks': 750000, 'confl': 140213, 'model_rej': 0} 1334s
    ... {'checks': 800000, 'confl': 146294, 'model_rej': 0} 1400s
    ... {'checks': 850000, 'confl': 152757, 'model_rej': 0} 1468s
    ... {'checks': 900000, 'confl': 159692, 'model_rej': 0} 1540s
    ... {'checks': 950000, 'confl': 164815, 'model_rej': 0} 1598s
    ... {'checks': 1000000, 'confl': 170943, 'model_rej': 0} 1663s
    ... {'checks': 1050000, 'confl': 178634, 'model_rej': 0} 1735s
    ... {'checks': 1100000, 'confl': 184881, 'model_rej': 0} 1798s
    ... {'checks': 1150000, 'confl': 194697, 'model_rej': 0} 1887s
    ... {'checks': 1200000, 'confl': 201912, 'model_rej': 0} 1956s
    ... {'checks': 1250000, 'confl': 205979, 'model_rej': 0} 2004s
    ... {'checks': 1300000, 'confl': 212408, 'model_rej': 0} 2071s
    ... {'checks': 1350000, 'confl': 218726, 'model_rej': 0} 2134s
    ... {'checks': 1400000, 'confl': 222129, 'model_rej': 0} 2181s
    ... {'checks': 1450000, 'confl': 225696, 'model_rej': 0} 2225s
    ... {'checks': 1500000, 'confl': 231598, 'model_rej': 0} 2283s
    ... {'checks': 1550000, 'confl': 236096, 'model_rej': 0} 2335s
    ... {'checks': 1600000, 'confl': 240353, 'model_rej': 0} 2386s
    ... {'checks': 1650000, 'confl': 248793, 'model_rej': 0} 2460s
    ... {'checks': 1700000, 'confl': 252404, 'model_rej': 0} 2505s
    ... {'checks': 1750000, 'confl': 258409, 'model_rej': 0} 2568s
    ... {'checks': 1800000, 'confl': 264395, 'model_rej': 0} 2632s
    ... {'checks': 1850000, 'confl': 271237, 'model_rej': 0} 2699s
    ... {'checks': 1900000, 'confl': 276712, 'model_rej': 0} 2754s
    ... {'checks': 1950000, 'confl': 281399, 'model_rej': 0} 2806s
    ... {'checks': 2000000, 'confl': 285985, 'model_rej': 0} 2861s
    ... {'checks': 2050000, 'confl': 290344, 'model_rej': 0} 2908s
    ... {'checks': 2100000, 'confl': 292653, 'model_rej': 0} 2944s
    ... {'checks': 2150000, 'confl': 296453, 'model_rej': 0} 2993s
    ... {'checks': 2200000, 'confl': 300450, 'model_rej': 0} 3044s
    ... {'checks': 2250000, 'confl': 303367, 'model_rej': 0} 3084s
    ... {'checks': 2300000, 'confl': 308355, 'model_rej': 0} 3140s
    ... {'checks': 2350000, 'confl': 312994, 'model_rej': 0} 3196s
    ... {'checks': 2400000, 'confl': 317576, 'model_rej': 0} 3253s
    ... {'checks': 2450000, 'confl': 321292, 'model_rej': 0} 3303s
    ... {'checks': 2500000, 'confl': 324415, 'model_rej': 0} 3346s
    ... {'checks': 2550000, 'confl': 327059, 'model_rej': 0} 3386s
    ... {'checks': 2600000, 'confl': 329115, 'model_rej': 0} 3420s
    ... {'checks': 2650000, 'confl': 333301, 'model_rej': 0} 3472s
    ... {'checks': 2700000, 'confl': 338031, 'model_rej': 0} 3526s
    ... {'checks': 2750000, 'confl': 342371, 'model_rej': 0} 3580s
    ... {'checks': 2800000, 'confl': 346943, 'model_rej': 0} 3636s
    ... {'checks': 2850000, 'confl': 352410, 'model_rej': 0} 3694s
    ... {'checks': 2900000, 'confl': 355148, 'model_rej': 0} 3732s
    ... {'checks': 2950000, 'confl': 359514, 'model_rej': 0} 3780s
    ... {'checks': 3000000, 'confl': 365168, 'model_rej': 0} 3839s
    ... {'checks': 3050000, 'confl': 368944, 'model_rej': 0} 3885s
    ... {'checks': 3100000, 'confl': 375441, 'model_rej': 0} 3953s
    ... {'checks': 3150000, 'confl': 381815, 'model_rej': 0} 4017s
    ... {'checks': 3200000, 'confl': 386913, 'model_rej': 0} 4076s
    ... {'checks': 3250000, 'confl': 392738, 'model_rej': 0} 4135s
    ... {'checks': 3300000, 'confl': 395811, 'model_rej': 0} 4176s
    ... {'checks': 3350000, 'confl': 398377, 'model_rej': 0} 4213s
    ... {'checks': 3400000, 'confl': 400245, 'model_rej': 0} 4246s
    ... {'checks': 3450000, 'confl': 402350, 'model_rej': 0} 4279s
    ... {'checks': 3500000, 'confl': 404309, 'model_rej': 0} 4312s
    ... {'checks': 3550000, 'confl': 405858, 'model_rej': 0} 4346s
    ... {'checks': 3600000, 'confl': 407447, 'model_rej': 0} 4376s
    ... {'checks': 3650000, 'confl': 409127, 'model_rej': 0} 4413s
    ... {'checks': 3700000, 'confl': 414912, 'model_rej': 0} 4473s
    ... {'checks': 3750000, 'confl': 420947, 'model_rej': 0} 4535s
    ... {'checks': 3800000, 'confl': 426626, 'model_rej': 0} 4595s
    ... {'checks': 3850000, 'confl': 432695, 'model_rej': 0} 4662s
    ... {'checks': 3900000, 'confl': 437263, 'model_rej': 0} 4716s
    ... {'checks': 3950000, 'confl': 442388, 'model_rej': 0} 4773s
    ... {'checks': 4000000, 'confl': 446991, 'model_rej': 0} 4823s
    ... {'checks': 4050000, 'confl': 454108, 'model_rej': 0} 4888s
    ... {'checks': 4100000, 'confl': 460011, 'model_rej': 0} 4952s
    ... {'checks': 4150000, 'confl': 465469, 'model_rej': 0} 5011s
    ... {'checks': 4200000, 'confl': 470488, 'model_rej': 0} 5067s
    ... {'checks': 4250000, 'confl': 476481, 'model_rej': 0} 5130s
    ... {'checks': 4300000, 'confl': 480448, 'model_rej': 0} 5181s
    ... {'checks': 4350000, 'confl': 484314, 'model_rej': 0} 5235s
    ... {'checks': 4400000, 'confl': 485409, 'model_rej': 0} 5263s
    ... {'checks': 4450000, 'confl': 486568, 'model_rej': 0} 5293s
    ... {'checks': 4500000, 'confl': 487684, 'model_rej': 0} 5322s
    ... {'checks': 4550000, 'confl': 490581, 'model_rej': 0} 5365s
    ... {'checks': 4600000, 'confl': 495296, 'model_rej': 0} 5421s
    ... {'checks': 4650000, 'confl': 499903, 'model_rej': 0} 5474s
    ... {'checks': 4700000, 'confl': 503836, 'model_rej': 0} 5525s
    ... {'checks': 4750000, 'confl': 507953, 'model_rej': 0} 5589s
    ... {'checks': 4800000, 'confl': 512572, 'model_rej': 0} 5644s
    ... {'checks': 4850000, 'confl': 516722, 'model_rej': 0} 5696s
    ... {'checks': 4900000, 'confl': 520812, 'model_rej': 0} 5746s
    ... {'checks': 4950000, 'confl': 525462, 'model_rej': 0} 5799s
    ... {'checks': 5000000, 'confl': 528929, 'model_rej': 0} 5844s
    ... {'checks': 5050000, 'confl': 533513, 'model_rej': 0} 5900s
    ... {'checks': 5100000, 'confl': 539506, 'model_rej': 0} 5964s
    ... {'checks': 5150000, 'confl': 544771, 'model_rej': 0} 6024s
    ... {'checks': 5200000, 'confl': 549556, 'model_rej': 0} 6081s
    ... {'checks': 5250000, 'confl': 555151, 'model_rej': 0} 6165s
    ... {'checks': 5300000, 'confl': 559061, 'model_rej': 0} 6211s
    ... {'checks': 5350000, 'confl': 563786, 'model_rej': 0} 6266s
    ... {'checks': 5400000, 'confl': 566617, 'model_rej': 0} 6308s
    ... {'checks': 5450000, 'confl': 570611, 'model_rej': 0} 6355s
    ... {'checks': 5500000, 'confl': 573497, 'model_rej': 0} 6396s
    ... {'checks': 5550000, 'confl': 577235, 'model_rej': 0} 6442s
    ... {'checks': 5600000, 'confl': 580226, 'model_rej': 0} 6484s
    ... {'checks': 5650000, 'confl': 582997, 'model_rej': 0} 6523s
    ... {'checks': 5700000, 'confl': 585579, 'model_rej': 0} 6562s
    ... {'checks': 5750000, 'confl': 588584, 'model_rej': 0} 6605s
    ... {'checks': 5800000, 'confl': 590882, 'model_rej': 0} 6645s
    ... {'checks': 5850000, 'confl': 593031, 'model_rej': 0} 6682s
    ... {'checks': 5900000, 'confl': 597075, 'model_rej': 0} 6729s
    ... {'checks': 5950000, 'confl': 599962, 'model_rej': 0} 6773s
    ... {'checks': 6000000, 'confl': 602440, 'model_rej': 0} 6809s
    ... {'checks': 6050000, 'confl': 604810, 'model_rej': 0} 6845s
    ... {'checks': 6100000, 'confl': 607978, 'model_rej': 0} 6891s
    ... {'checks': 6150000, 'confl': 610547, 'model_rej': 0} 6933s
    ... {'checks': 6200000, 'confl': 613009, 'model_rej': 0} 6974s
    ... {'checks': 6250000, 'confl': 615927, 'model_rej': 0} 7016s
    ... {'checks': 6300000, 'confl': 618328, 'model_rej': 0} 7055s
    ... {'checks': 6350000, 'confl': 621775, 'model_rej': 0} 7102s
    ... {'checks': 6400000, 'confl': 625052, 'model_rej': 0} 7145s
    ... {'checks': 6450000, 'confl': 627474, 'model_rej': 0} 7184s
    ... {'checks': 6500000, 'confl': 630461, 'model_rej': 0} 7225s
    ... {'checks': 6550000, 'confl': 633027, 'model_rej': 0} 7265s
    ... {'checks': 6600000, 'confl': 636564, 'model_rej': 0} 7312s
    ... {'checks': 6650000, 'confl': 639882, 'model_rej': 0} 7375s
    ... {'checks': 6700000, 'confl': 642446, 'model_rej': 0} 7419s
    ... {'checks': 6750000, 'confl': 644864, 'model_rej': 0} 7461s
    ... {'checks': 6800000, 'confl': 646433, 'model_rej': 0} 7495s
    ... {'checks': 6850000, 'confl': 648118, 'model_rej': 0} 7529s
    ... {'checks': 6900000, 'confl': 651053, 'model_rej': 0} 7575s
    ... {'checks': 6950000, 'confl': 653990, 'model_rej': 0} 7622s
    ... {'checks': 7000000, 'confl': 656302, 'model_rej': 0} 7693s
    ... {'checks': 7050000, 'confl': 658710, 'model_rej': 0} 7735s
    ... {'checks': 7100000, 'confl': 660831, 'model_rej': 0} 7777s
    ... {'checks': 7150000, 'confl': 663912, 'model_rej': 0} 7822s
    ... {'checks': 7200000, 'confl': 667177, 'model_rej': 0} 7869s
    ... {'checks': 7250000, 'confl': 671376, 'model_rej': 0} 7924s
    ... {'checks': 7300000, 'confl': 675236, 'model_rej': 0} 7980s
    ... {'checks': 7350000, 'confl': 678513, 'model_rej': 0} 8032s
    ... {'checks': 7400000, 'confl': 681532, 'model_rej': 0} 8078s
    ... {'checks': 7450000, 'confl': 685031, 'model_rej': 0} 8126s
    ... {'checks': 7500000, 'confl': 687949, 'model_rej': 0} 8167s
    ... {'checks': 7550000, 'confl': 689883, 'model_rej': 0} 8219s
    ... {'checks': 7600000, 'confl': 692809, 'model_rej': 0} 8272s
    ... {'checks': 7650000, 'confl': 695185, 'model_rej': 0} 8311s
    ... {'checks': 7700000, 'confl': 697337, 'model_rej': 0} 8348s
    ... {'checks': 7750000, 'confl': 700387, 'model_rej': 0} 8393s
    ... {'checks': 7800000, 'confl': 703175, 'model_rej': 0} 8437s
    ... {'checks': 7850000, 'confl': 705746, 'model_rej': 0} 8478s
    ... {'checks': 7900000, 'confl': 707745, 'model_rej': 0} 8514s
    ... {'checks': 7950000, 'confl': 710275, 'model_rej': 0} 8555s
    ... {'checks': 8000000, 'confl': 712571, 'model_rej': 0} 8595s
    ... {'checks': 8050000, 'confl': 714536, 'model_rej': 0} 8634s
    ... {'checks': 8100000, 'confl': 716441, 'model_rej': 0} 8673s
    ... {'checks': 8150000, 'confl': 719371, 'model_rej': 0} 8720s
    ... {'checks': 8200000, 'confl': 721776, 'model_rej': 0} 8762s
    ... {'checks': 8250000, 'confl': 724056, 'model_rej': 0} 8799s
    ... {'checks': 8300000, 'confl': 726028, 'model_rej': 0} 8832s
    ... {'checks': 8350000, 'confl': 729194, 'model_rej': 0} 8875s
    ... {'checks': 8400000, 'confl': 733140, 'model_rej': 0} 8923s
    ... {'checks': 8450000, 'confl': 736227, 'model_rej': 0} 8966s
    ... {'checks': 8500000, 'confl': 737939, 'model_rej': 0} 9032s
    ... {'checks': 8550000, 'confl': 740434, 'model_rej': 0} 9072s
    ... {'checks': 8600000, 'confl': 742050, 'model_rej': 0} 9108s
    ... {'checks': 8650000, 'confl': 744477, 'model_rej': 0} 9149s
    ... {'checks': 8700000, 'confl': 747239, 'model_rej': 0} 9195s
    ... {'checks': 8750000, 'confl': 750536, 'model_rej': 0} 9242s
    ... {'checks': 8800000, 'confl': 753403, 'model_rej': 0} 9285s
    ... {'checks': 8850000, 'confl': 755176, 'model_rej': 0} 9320s
    ... {'checks': 8900000, 'confl': 756452, 'model_rej': 0} 9351s
    ... {'checks': 8950000, 'confl': 757955, 'model_rej': 0} 9384s
    ... {'checks': 9000000, 'confl': 759890, 'model_rej': 0} 9454s
    ... {'checks': 9050000, 'confl': 761512, 'model_rej': 0} 9488s
    ... {'checks': 9100000, 'confl': 763122, 'model_rej': 0} 9522s
    ... {'checks': 9150000, 'confl': 764954, 'model_rej': 0} 9557s
    ... {'checks': 9200000, 'confl': 766358, 'model_rej': 0} 9589s
    ... {'checks': 9250000, 'confl': 768474, 'model_rej': 0} 9626s
    ... {'checks': 9300000, 'confl': 770164, 'model_rej': 0} 9660s
    ... {'checks': 9350000, 'confl': 772319, 'model_rej': 0} 9696s
    ... {'checks': 9400000, 'confl': 773800, 'model_rej': 0} 9726s
    ... {'checks': 9450000, 'confl': 775790, 'model_rej': 0} 9763s
    ... {'checks': 9500000, 'confl': 778668, 'model_rej': 0} 9808s
    ... {'checks': 9550000, 'confl': 780541, 'model_rej': 0} 9843s
    ... {'checks': 9600000, 'confl': 783989, 'model_rej': 0} 9892s
    ... {'checks': 9650000, 'confl': 786758, 'model_rej': 0} 9965s
    ... {'checks': 9700000, 'confl': 789980, 'model_rej': 0} 10015s
    ... {'checks': 9750000, 'confl': 794044, 'model_rej': 0} 10070s
    ... {'checks': 9800000, 'confl': 796227, 'model_rej': 0} 10109s
    ... {'checks': 9850000, 'confl': 797832, 'model_rej': 0} 10144s
    ... {'checks': 9900000, 'confl': 801220, 'model_rej': 0} 10193s
    ... {'checks': 9950000, 'confl': 804790, 'model_rej': 0} 10242s
    ... {'checks': 10000000, 'confl': 808260, 'model_rej': 0} 10292s
    ... {'checks': 10050000, 'confl': 811912, 'model_rej': 0} 10342s
    ... {'checks': 10100000, 'confl': 815842, 'model_rej': 0} 10394s
    ... {'checks': 10150000, 'confl': 819531, 'model_rej': 0} 10446s
    ... {'checks': 10200000, 'confl': 824862, 'model_rej': 0} 10507s
    ... {'checks': 10250000, 'confl': 828102, 'model_rej': 0} 10554s
    ... {'checks': 10300000, 'confl': 835121, 'model_rej': 0} 10633s
    ... {'checks': 10350000, 'confl': 839401, 'model_rej': 0} 10734s
    ... {'checks': 10400000, 'confl': 841944, 'model_rej': 0} 10778s
    ... {'checks': 10450000, 'confl': 845929, 'model_rej': 0} 10831s
    ... {'checks': 10500000, 'confl': 850011, 'model_rej': 0} 10886s
    ... {'checks': 10550000, 'confl': 854759, 'model_rej': 0} 10945s
    ... {'checks': 10600000, 'confl': 858240, 'model_rej': 0} 10992s
    ... {'checks': 10650000, 'confl': 861739, 'model_rej': 0} 11040s
    ... {'checks': 10700000, 'confl': 865328, 'model_rej': 0} 11093s
    ... {'checks': 10750000, 'confl': 869188, 'model_rej': 0} 11146s
    ... {'checks': 10800000, 'confl': 873386, 'model_rej': 0} 11198s
    ... {'checks': 10850000, 'confl': 876745, 'model_rej': 0} 11244s
    ... {'checks': 10900000, 'confl': 878207, 'model_rej': 0} 11278s
    ... {'checks': 10950000, 'confl': 880720, 'model_rej': 0} 11320s
    ... {'checks': 11000000, 'confl': 882651, 'model_rej': 0} 11360s
    ... {'checks': 11050000, 'confl': 885533, 'model_rej': 0} 11455s
    ... {'checks': 11100000, 'confl': 887565, 'model_rej': 0} 11543s
    ... {'checks': 11150000, 'confl': 890081, 'model_rej': 0} 11588s
    ... {'checks': 11200000, 'confl': 892218, 'model_rej': 0} 11629s
    ... {'checks': 11250000, 'confl': 894991, 'model_rej': 0} 11676s
    ... {'checks': 11300000, 'confl': 897388, 'model_rej': 0} 11720s
    ... {'checks': 11350000, 'confl': 900281, 'model_rej': 0} 11764s
    ... {'checks': 11400000, 'confl': 903860, 'model_rej': 0} 11815s
    ... {'checks': 11450000, 'confl': 907403, 'model_rej': 0} 11868s
    ... {'checks': 11500000, 'confl': 910022, 'model_rej': 0} 11912s
    ... {'checks': 11550000, 'confl': 912920, 'model_rej': 0} 11955s
    ... {'checks': 11600000, 'confl': 915464, 'model_rej': 0} 11995s
    ... {'checks': 11650000, 'confl': 918647, 'model_rej': 0} 12043s
    ... {'checks': 11700000, 'confl': 921918, 'model_rej': 0} 12142s
    ... {'checks': 11750000, 'confl': 924924, 'model_rej': 0} 12189s
    ... {'checks': 11800000, 'confl': 927590, 'model_rej': 0} 12234s
    ... {'checks': 11850000, 'confl': 929305, 'model_rej': 0} 12271s
    ... {'checks': 11900000, 'confl': 932203, 'model_rej': 0} 12319s
    ... {'checks': 11950000, 'confl': 936588, 'model_rej': 0} 12379s
    ... {'checks': 12000000, 'confl': 940958, 'model_rej': 0} 12439s
    ... {'checks': 12050000, 'confl': 944718, 'model_rej': 0} 12494s
    ... {'checks': 12100000, 'confl': 947847, 'model_rej': 0} 12545s
    ... {'checks': 12150000, 'confl': 950357, 'model_rej': 0} 12592s
    ... {'checks': 12200000, 'confl': 953963, 'model_rej': 0} 12644s
    ... {'checks': 12250000, 'confl': 958131, 'model_rej': 0} 12701s
    ... {'checks': 12300000, 'confl': 962202, 'model_rej': 0} 12756s
    ... {'checks': 12350000, 'confl': 963821, 'model_rej': 0} 12790s
    ... {'checks': 12400000, 'confl': 965957, 'model_rej': 0} 12874s
    ... {'checks': 12450000, 'confl': 969570, 'model_rej': 0} 12923s
    ... {'checks': 12500000, 'confl': 972111, 'model_rej': 0} 12966s
    ... {'checks': 12550000, 'confl': 974452, 'model_rej': 0} 13007s
    ... {'checks': 12600000, 'confl': 977456, 'model_rej': 0} 13056s
    ... {'checks': 12650000, 'confl': 980076, 'model_rej': 0} 13103s
    ... {'checks': 12700000, 'confl': 982567, 'model_rej': 0} 13147s
    ... {'checks': 12750000, 'confl': 984932, 'model_rej': 0} 13192s
    ... {'checks': 12800000, 'confl': 987949, 'model_rej': 0} 13242s
    ... {'checks': 12850000, 'confl': 990793, 'model_rej': 0} 13289s
    ... {'checks': 12900000, 'confl': 994176, 'model_rej': 0} 13339s
    ... {'checks': 12950000, 'confl': 997049, 'model_rej': 0} 13387s
    ... {'checks': 13000000, 'confl': 999185, 'model_rej': 0} 13427s
    ... {'checks': 13050000, 'confl': 1000914, 'model_rej': 0} 13532s
    ... {'checks': 13100000, 'confl': 1002836, 'model_rej': 0} 13571s
    ... {'checks': 13150000, 'confl': 1005727, 'model_rej': 0} 13618s
    ... {'checks': 13200000, 'confl': 1009151, 'model_rej': 0} 13667s
    ... {'checks': 13250000, 'confl': 1010816, 'model_rej': 0} 13701s
    ... {'checks': 13300000, 'confl': 1013355, 'model_rej': 0} 13745s
    ... {'checks': 13350000, 'confl': 1015819, 'model_rej': 0} 13790s
    ... {'checks': 13400000, 'confl': 1017702, 'model_rej': 0} 13828s
    ... {'checks': 13450000, 'confl': 1020473, 'model_rej': 0} 13876s
    ... {'checks': 13500000, 'confl': 1022597, 'model_rej': 0} 13920s
    ... {'checks': 13550000, 'confl': 1025069, 'model_rej': 0} 13963s
    ... {'checks': 13600000, 'confl': 1026796, 'model_rej': 0} 13999s
    ... {'checks': 13650000, 'confl': 1029217, 'model_rej': 0} 14045s
    ... {'checks': 13700000, 'confl': 1031088, 'model_rej': 0} 14084s
    ... {'checks': 13750000, 'confl': 1032793, 'model_rej': 0} 14197s
    ... {'checks': 13800000, 'confl': 1035401, 'model_rej': 0} 14245s
    ... {'checks': 13850000, 'confl': 1037834, 'model_rej': 0} 14293s
    ... {'checks': 13900000, 'confl': 1039917, 'model_rej': 0} 14335s
    ... {'checks': 13950000, 'confl': 1042457, 'model_rej': 0} 14381s
    ... {'checks': 14000000, 'confl': 1044566, 'model_rej': 0} 14424s
    ... {'checks': 14050000, 'confl': 1046998, 'model_rej': 0} 14467s
    ... {'checks': 14100000, 'confl': 1049348, 'model_rej': 0} 14509s
    ... {'checks': 14150000, 'confl': 1051750, 'model_rej': 0} 14552s
    ... {'checks': 14200000, 'confl': 1053463, 'model_rej': 0} 14589s
    ... {'checks': 14250000, 'confl': 1055457, 'model_rej': 0} 14626s
    ... {'checks': 14300000, 'confl': 1057706, 'model_rej': 0} 14667s
    ... {'checks': 14350000, 'confl': 1059133, 'model_rej': 0} 14702s
    ... {'checks': 14400000, 'confl': 1060675, 'model_rej': 0} 14739s
    ... {'checks': 14450000, 'confl': 1062365, 'model_rej': 0} 14871s
    ... {'checks': 14500000, 'confl': 1063864, 'model_rej': 0} 14912s
    ... {'checks': 14550000, 'confl': 1065219, 'model_rej': 0} 14947s
    ... {'checks': 14600000, 'confl': 1067504, 'model_rej': 0} 14992s
    ... {'checks': 14650000, 'confl': 1068529, 'model_rej': 0} 15025s
    ... {'checks': 14700000, 'confl': 1070924, 'model_rej': 0} 15071s
    ... {'checks': 14750000, 'confl': 1073392, 'model_rej': 0} 15118s
    ... {'checks': 14800000, 'confl': 1075827, 'model_rej': 0} 15165s
    ... {'checks': 14850000, 'confl': 1078164, 'model_rej': 0} 15210s
    ... {'checks': 14900000, 'confl': 1081337, 'model_rej': 0} 15266s
    ... {'checks': 14950000, 'confl': 1084148, 'model_rej': 0} 15381s
    ... {'checks': 15000000, 'confl': 1086476, 'model_rej': 0} 15426s
    ... {'checks': 15050000, 'confl': 1089469, 'model_rej': 0} 15480s
    ... {'checks': 15100000, 'confl': 1091685, 'model_rej': 0} 15523s
    ... {'checks': 15150000, 'confl': 1093791, 'model_rej': 0} 15565s
    ... {'checks': 15200000, 'confl': 1096518, 'model_rej': 0} 15676s
    ... {'checks': 15250000, 'confl': 1101974, 'model_rej': 0} 15743s
    ... {'checks': 15300000, 'confl': 1104526, 'model_rej': 0} 15792s
    ... {'checks': 15350000, 'confl': 1105768, 'model_rej': 0} 15826s
    ... {'checks': 15400000, 'confl': 1108097, 'model_rej': 0} 15874s
    ... {'checks': 15450000, 'confl': 1110693, 'model_rej': 0} 15921s
    ... {'checks': 15500000, 'confl': 1113232, 'model_rej': 0} 15968s
    ... {'checks': 15550000, 'confl': 1115046, 'model_rej': 0} 16008s
    ... {'checks': 15600000, 'confl': 1116620, 'model_rej': 0} 16046s
    ... {'checks': 15650000, 'confl': 1118877, 'model_rej': 0} 16092s
    ... {'checks': 15700000, 'confl': 1120610, 'model_rej': 0} 16132s
    ... {'checks': 15750000, 'confl': 1121928, 'model_rej': 0} 16188s
    ... {'checks': 15800000, 'confl': 1123604, 'model_rej': 0} 16226s
    ... {'checks': 15850000, 'confl': 1127980, 'model_rej': 0} 16281s
    ... {'checks': 15900000, 'confl': 1130729, 'model_rej': 0} 16329s
    ... {'checks': 15950000, 'confl': 1133105, 'model_rej': 0} 16480s
    ... {'checks': 16000000, 'confl': 1135257, 'model_rej': 0} 16524s
    ... {'checks': 16050000, 'confl': 1139023, 'model_rej': 0} 16573s
    ... {'checks': 16100000, 'confl': 1141665, 'model_rej': 0} 16616s
    ... {'checks': 16150000, 'confl': 1145308, 'model_rej': 0} 16670s
    ... {'checks': 16200000, 'confl': 1147466, 'model_rej': 0} 16714s
    ... {'checks': 16250000, 'confl': 1148801, 'model_rej': 0} 16750s
    ... {'checks': 16300000, 'confl': 1151340, 'model_rej': 0} 16798s
    ... {'checks': 16350000, 'confl': 1153240, 'model_rej': 0} 16841s
    ... {'checks': 16400000, 'confl': 1155399, 'model_rej': 0} 16887s
    ... {'checks': 16450000, 'confl': 1156887, 'model_rej': 0} 16927s
    ... {'checks': 16500000, 'confl': 1159054, 'model_rej': 0} 16974s
    ... {'checks': 16550000, 'confl': 1161515, 'model_rej': 0} 17021s
    ... {'checks': 16600000, 'confl': 1163075, 'model_rej': 0} 17059s
    ... {'checks': 16650000, 'confl': 1165251, 'model_rej': 0} 17105s
    ... {'checks': 16700000, 'confl': 1166887, 'model_rej': 0} 17213s
    ... {'checks': 16750000, 'confl': 1168801, 'model_rej': 0} 17256s
    ... {'checks': 16800000, 'confl': 1170996, 'model_rej': 0} 17302s
    ... {'checks': 16850000, 'confl': 1173648, 'model_rej': 0} 17349s
    ... {'checks': 16900000, 'confl': 1175829, 'model_rej': 0} 17396s
    ... {'checks': 16950000, 'confl': 1178369, 'model_rej': 0} 17445s
    ... {'checks': 17000000, 'confl': 1180592, 'model_rej': 0} 17488s
    ... {'checks': 17050000, 'confl': 1182662, 'model_rej': 0} 17531s
    ... {'checks': 17100000, 'confl': 1184025, 'model_rej': 0} 17569s
    ... {'checks': 17150000, 'confl': 1185437, 'model_rej': 0} 17608s
    ... {'checks': 17200000, 'confl': 1188211, 'model_rej': 0} 17656s
    ... {'checks': 17250000, 'confl': 1189942, 'model_rej': 0} 17697s
    ... {'checks': 17300000, 'confl': 1192035, 'model_rej': 0} 17740s
    ... {'checks': 17350000, 'confl': 1194121, 'model_rej': 0} 17782s
    ... {'checks': 17400000, 'confl': 1196610, 'model_rej': 0} 17826s
    ... {'checks': 17450000, 'confl': 1198904, 'model_rej': 0} 17872s
    ... {'checks': 17500000, 'confl': 1201346, 'model_rej': 0} 18006s
    ... {'checks': 17550000, 'confl': 1202563, 'model_rej': 0} 18042s
    ... {'checks': 17600000, 'confl': 1204537, 'model_rej': 0} 18085s
    ... {'checks': 17650000, 'confl': 1206693, 'model_rej': 0} 18131s
    ... {'checks': 17700000, 'confl': 1208593, 'model_rej': 0} 18174s
    ... {'checks': 17750000, 'confl': 1209600, 'model_rej': 0} 18208s
    ... {'checks': 17800000, 'confl': 1211858, 'model_rej': 0} 18251s
    ... {'checks': 17850000, 'confl': 1213525, 'model_rej': 0} 18291s
    ... {'checks': 17900000, 'confl': 1215271, 'model_rej': 0} 18328s
    ... {'checks': 17950000, 'confl': 1216763, 'model_rej': 0} 18366s
    ... {'checks': 18000000, 'confl': 1219215, 'model_rej': 0} 18415s
    ... {'checks': 18050000, 'confl': 1221788, 'model_rej': 0} 18459s
    ... {'checks': 18100000, 'confl': 1224558, 'model_rej': 0} 18509s
    ... {'checks': 18150000, 'confl': 1226529, 'model_rej': 0} 18552s
    ... {'checks': 18200000, 'confl': 1228258, 'model_rej': 0} 18589s
    ... {'checks': 18250000, 'confl': 1230291, 'model_rej': 0} 18674s
    ... {'checks': 18300000, 'confl': 1231923, 'model_rej': 0} 18712s
    ... {'checks': 18350000, 'confl': 1234040, 'model_rej': 0} 18760s
    ... {'checks': 18400000, 'confl': 1235667, 'model_rej': 0} 18797s
    ... {'checks': 18450000, 'confl': 1237026, 'model_rej': 0} 18831s
    ... {'checks': 18500000, 'confl': 1238680, 'model_rej': 0} 19000s
    ... {'checks': 18550000, 'confl': 1240115, 'model_rej': 0} 19035s
    ... {'checks': 18600000, 'confl': 1241635, 'model_rej': 0} 19071s
    ... {'checks': 18650000, 'confl': 1243103, 'model_rej': 0} 19105s
    ... {'checks': 18700000, 'confl': 1244728, 'model_rej': 0} 19140s
    ... {'checks': 18750000, 'confl': 1246231, 'model_rej': 0} 19177s
    ... {'checks': 18800000, 'confl': 1247524, 'model_rej': 0} 19211s
    ... {'checks': 18850000, 'confl': 1248475, 'model_rej': 0} 19243s
    ... {'checks': 18900000, 'confl': 1249285, 'model_rej': 0} 19272s
    ... {'checks': 18950000, 'confl': 1250173, 'model_rej': 0} 19305s
    ... {'checks': 19000000, 'confl': 1250900, 'model_rej': 0} 19337s
    ... {'checks': 19050000, 'confl': 1251819, 'model_rej': 0} 19370s
    ... {'checks': 19100000, 'confl': 1252490, 'model_rej': 0} 19400s
    ... {'checks': 19150000, 'confl': 1253177, 'model_rej': 0} 19431s
    ... {'checks': 19200000, 'confl': 1254301, 'model_rej': 0} 19563s
    ... {'checks': 19250000, 'confl': 1255316, 'model_rej': 0} 19596s
    ... {'checks': 19300000, 'confl': 1256112, 'model_rej': 0} 19626s
    ... {'checks': 19350000, 'confl': 1257166, 'model_rej': 0} 19659s
    ... {'checks': 19400000, 'confl': 1258102, 'model_rej': 0} 19692s
    ... {'checks': 19450000, 'confl': 1259364, 'model_rej': 0} 19724s
    ... {'checks': 19500000, 'confl': 1260475, 'model_rej': 0} 19755s
    ... {'checks': 19550000, 'confl': 1261271, 'model_rej': 0} 19786s
    ... {'checks': 19600000, 'confl': 1262065, 'model_rej': 0} 19816s
    ... {'checks': 19650000, 'confl': 1263293, 'model_rej': 0} 19851s
    ... {'checks': 19700000, 'confl': 1264278, 'model_rej': 0} 19882s
    ... {'checks': 19750000, 'confl': 1265248, 'model_rej': 0} 19915s
    ... {'checks': 19800000, 'confl': 1266152, 'model_rej': 0} 20029s
    ... {'checks': 19850000, 'confl': 1266975, 'model_rej': 0} 20067s
    ... {'checks': 19900000, 'confl': 1267824, 'model_rej': 0} 20097s
    ... {'checks': 19950000, 'confl': 1268607, 'model_rej': 0} 20129s
    ... {'checks': 20000000, 'confl': 1269250, 'model_rej': 0} 20158s
    ... {'checks': 20050000, 'confl': 1269998, 'model_rej': 0} 20189s
    ... {'checks': 20100000, 'confl': 1270845, 'model_rej': 0} 20222s
    ... {'checks': 20150000, 'confl': 1272085, 'model_rej': 0} 20256s
    ... {'checks': 20200000, 'confl': 1273039, 'model_rej': 0} 20287s
    ... {'checks': 20250000, 'confl': 1275059, 'model_rej': 0} 20327s
    ... {'checks': 20300000, 'confl': 1276120, 'model_rej': 0} 20358s
    ... {'checks': 20350000, 'confl': 1277247, 'model_rej': 0} 20391s
    ... {'checks': 20400000, 'confl': 1278723, 'model_rej': 0} 20425s
    ... {'checks': 20450000, 'confl': 1279884, 'model_rej': 0} 20460s
    ... {'checks': 20500000, 'confl': 1280952, 'model_rej': 0} 20491s
    ... {'checks': 20550000, 'confl': 1282296, 'model_rej': 0} 20551s
    ... {'checks': 20600000, 'confl': 1283437, 'model_rej': 0} 20683s
    ... {'checks': 20650000, 'confl': 1284354, 'model_rej': 0} 20713s
    ... {'checks': 20700000, 'confl': 1285353, 'model_rej': 0} 20746s
    ... {'checks': 20750000, 'confl': 1286158, 'model_rej': 0} 20774s
    ... {'checks': 20800000, 'confl': 1287060, 'model_rej': 0} 20806s
    ... {'checks': 20850000, 'confl': 1287471, 'model_rej': 0} 20834s
    ... {'checks': 20900000, 'confl': 1287991, 'model_rej': 0} 20863s
    ... {'checks': 20950000, 'confl': 1288790, 'model_rej': 0} 20891s
    ... {'checks': 21000000, 'confl': 1289611, 'model_rej': 0} 20919s
    ... {'checks': 21050000, 'confl': 1290563, 'model_rej': 0} 20950s
    ... {'checks': 21100000, 'confl': 1292093, 'model_rej': 0} 20988s
    ... {'checks': 21150000, 'confl': 1293478, 'model_rej': 0} 21023s
    ... {'checks': 21200000, 'confl': 1294594, 'model_rej': 0} 21055s
    ... {'checks': 21250000, 'confl': 1295825, 'model_rej': 0} 21087s
    ... {'checks': 21300000, 'confl': 1296724, 'model_rej': 0} 21278s
    ... {'checks': 21350000, 'confl': 1297840, 'model_rej': 0} 21311s
    ... {'checks': 21400000, 'confl': 1298704, 'model_rej': 0} 21342s
    ... {'checks': 21450000, 'confl': 1299878, 'model_rej': 0} 21374s
    ... {'checks': 21500000, 'confl': 1300712, 'model_rej': 0} 21406s
    ... {'checks': 21550000, 'confl': 1302040, 'model_rej': 0} 21440s
    ... {'checks': 21600000, 'confl': 1303772, 'model_rej': 0} 21476s
    ... {'checks': 21650000, 'confl': 1305552, 'model_rej': 0} 21512s
    ... {'checks': 21700000, 'confl': 1307533, 'model_rej': 0} 21550s
    ... {'checks': 21750000, 'confl': 1309324, 'model_rej': 0} 21587s
    ... {'checks': 21800000, 'confl': 1310832, 'model_rej': 0} 21621s
    ... {'checks': 21850000, 'confl': 1312161, 'model_rej': 0} 21654s
    ... {'checks': 21900000, 'confl': 1313116, 'model_rej': 0} 21687s
    ... {'checks': 21950000, 'confl': 1313976, 'model_rej': 0} 21718s
    ... {'checks': 22000000, 'confl': 1314823, 'model_rej': 0} 21751s
    ... {'checks': 22050000, 'confl': 1315642, 'model_rej': 0} 21887s
    ... {'checks': 22100000, 'confl': 1316402, 'model_rej': 0} 21917s
    ... {'checks': 22150000, 'confl': 1317623, 'model_rej': 0} 21952s
    ... {'checks': 22200000, 'confl': 1318679, 'model_rej': 0} 21988s
    ... {'checks': 22250000, 'confl': 1319625, 'model_rej': 0} 22026s
    ... {'checks': 22300000, 'confl': 1320809, 'model_rej': 0} 22061s
    ... {'checks': 22350000, 'confl': 1321642, 'model_rej': 0} 22093s
    ... {'checks': 22400000, 'confl': 1322770, 'model_rej': 0} 22126s
    ... {'checks': 22450000, 'confl': 1323884, 'model_rej': 0} 22159s
    ... {'checks': 22500000, 'confl': 1324880, 'model_rej': 0} 22192s
    ... {'checks': 22550000, 'confl': 1326039, 'model_rej': 0} 22223s
    ... {'checks': 22600000, 'confl': 1326942, 'model_rej': 0} 22253s
    ... {'checks': 22650000, 'confl': 1327788, 'model_rej': 0} 22283s
    ... {'checks': 22700000, 'confl': 1328548, 'model_rej': 0} 22312s
    ... {'checks': 22750000, 'confl': 1329615, 'model_rej': 0} 22342s
    ... {'checks': 22800000, 'confl': 1330280, 'model_rej': 0} 22372s
    ... {'checks': 22850000, 'confl': 1331190, 'model_rej': 0} 22516s
    ... {'checks': 22900000, 'confl': 1332114, 'model_rej': 0} 22546s
    ... {'checks': 22950000, 'confl': 1333124, 'model_rej': 0} 22575s
    ... {'checks': 23000000, 'confl': 1334009, 'model_rej': 0} 22606s
    ... {'checks': 23050000, 'confl': 1334904, 'model_rej': 0} 22636s
    ... {'checks': 23100000, 'confl': 1336179, 'model_rej': 0} 22675s
    ... {'checks': 23150000, 'confl': 1337394, 'model_rej': 0} 22710s
    ... {'checks': 23200000, 'confl': 1338376, 'model_rej': 0} 22743s
    ... {'checks': 23250000, 'confl': 1339577, 'model_rej': 0} 22779s
    ... {'checks': 23300000, 'confl': 1340738, 'model_rej': 0} 22813s
    ... {'checks': 23350000, 'confl': 1341946, 'model_rej': 0} 22849s
    ... {'checks': 23400000, 'confl': 1343790, 'model_rej': 0} 22891s
    ... {'checks': 23450000, 'confl': 1346783, 'model_rej': 0} 22940s
    ... {'checks': 23500000, 'confl': 1350094, 'model_rej': 0} 22992s
    ... {'checks': 23550000, 'confl': 1353189, 'model_rej': 0} 23041s
    ... {'checks': 23600000, 'confl': 1356006, 'model_rej': 0} 23087s
    ... {'checks': 23650000, 'confl': 1357521, 'model_rej': 0} 23228s
    ... {'checks': 23700000, 'confl': 1358168, 'model_rej': 0} 23259s
    ... {'checks': 23750000, 'confl': 1358867, 'model_rej': 0} 23292s
    ... {'checks': 23800000, 'confl': 1359247, 'model_rej': 0} 23322s
    ... {'checks': 23850000, 'confl': 1359795, 'model_rej': 0} 23354s
    ... {'checks': 23900000, 'confl': 1360401, 'model_rej': 0} 23385s
    ... {'checks': 23950000, 'confl': 1361210, 'model_rej': 0} 23415s
    ... {'checks': 24000000, 'confl': 1362020, 'model_rej': 0} 23445s
    ... {'checks': 24050000, 'confl': 1362616, 'model_rej': 0} 23475s
    ... {'checks': 24100000, 'confl': 1363485, 'model_rej': 0} 23505s
    ... {'checks': 24150000, 'confl': 1364458, 'model_rej': 0} 23535s
    ... {'checks': 24200000, 'confl': 1365276, 'model_rej': 0} 23567s
    ... {'checks': 24250000, 'confl': 1366106, 'model_rej': 0} 23599s
    ... {'checks': 24300000, 'confl': 1366768, 'model_rej': 0} 23630s
    ... {'checks': 24350000, 'confl': 1367525, 'model_rej': 0} 23661s
    ... {'checks': 24400000, 'confl': 1368111, 'model_rej': 0} 23818s
    ... {'checks': 24450000, 'confl': 1368756, 'model_rej': 0} 23849s
    ... {'checks': 24500000, 'confl': 1369395, 'model_rej': 0} 23882s
    ... {'checks': 24550000, 'confl': 1369970, 'model_rej': 0} 23986s
    ... {'checks': 24600000, 'confl': 1370630, 'model_rej': 0} 24017s
    ... {'checks': 24650000, 'confl': 1371183, 'model_rej': 0} 24050s
    ... {'checks': 24700000, 'confl': 1371785, 'model_rej': 0} 24085s
    ... {'checks': 24750000, 'confl': 1372459, 'model_rej': 0} 24120s
    ... {'checks': 24800000, 'confl': 1373506, 'model_rej': 0} 24157s
    ... {'checks': 24850000, 'confl': 1375022, 'model_rej': 0} 24194s
    ... {'checks': 24900000, 'confl': 1376533, 'model_rej': 0} 24232s
    ... {'checks': 24950000, 'confl': 1378976, 'model_rej': 0} 24275s
    ... {'checks': 25000000, 'confl': 1380716, 'model_rej': 0} 24314s
    ... {'checks': 25050000, 'confl': 1384100, 'model_rej': 0} 24367s
    ... {'checks': 25100000, 'confl': 1387461, 'model_rej': 0} 24419s
    ... {'checks': 25150000, 'confl': 1389321, 'model_rej': 0} 24462s
    ... {'checks': 25200000, 'confl': 1390607, 'model_rej': 0} 24621s
    ... {'checks': 25250000, 'confl': 1392889, 'model_rej': 0} 24666s
    ... {'checks': 25300000, 'confl': 1393823, 'model_rej': 0} 24700s
    ... {'checks': 25350000, 'confl': 1394908, 'model_rej': 0} 24735s
    ... {'checks': 25400000, 'confl': 1395714, 'model_rej': 0} 24769s
    ... {'checks': 25450000, 'confl': 1396219, 'model_rej': 0} 24824s
    ... {'checks': 25500000, 'confl': 1396706, 'model_rej': 0} 24856s
    ... {'checks': 25550000, 'confl': 1397317, 'model_rej': 0} 24890s
    ... {'checks': 25600000, 'confl': 1397534, 'model_rej': 0} 24920s
    ... {'checks': 25650000, 'confl': 1397840, 'model_rej': 0} 24950s
    ... {'checks': 25700000, 'confl': 1398143, 'model_rej': 0} 24980s
    ... {'checks': 25750000, 'confl': 1398891, 'model_rej': 0} 25014s
    ... {'checks': 25800000, 'confl': 1400288, 'model_rej': 0} 25050s
    ... {'checks': 25850000, 'confl': 1401508, 'model_rej': 0} 25083s
    ... {'checks': 25900000, 'confl': 1402690, 'model_rej': 0} 25116s
    ... {'checks': 25950000, 'confl': 1404128, 'model_rej': 0} 25153s
    ... {'checks': 26000000, 'confl': 1405160, 'model_rej': 0} 25186s
    ... {'checks': 26050000, 'confl': 1406705, 'model_rej': 0} 25377s
    ... {'checks': 26100000, 'confl': 1408183, 'model_rej': 0} 25412s
    ... {'checks': 26150000, 'confl': 1409514, 'model_rej': 0} 25448s
    ... {'checks': 26200000, 'confl': 1410847, 'model_rej': 0} 25482s
    ... {'checks': 26250000, 'confl': 1412202, 'model_rej': 0} 25514s
    ... {'checks': 26300000, 'confl': 1413377, 'model_rej': 0} 25584s
    ... {'checks': 26350000, 'confl': 1415086, 'model_rej': 0} 25627s
    ... {'checks': 26400000, 'confl': 1416746, 'model_rej': 0} 25664s
    ... {'checks': 26450000, 'confl': 1418138, 'model_rej': 0} 25703s
    ... {'checks': 26500000, 'confl': 1419692, 'model_rej': 0} 25742s
    ... {'checks': 26550000, 'confl': 1421173, 'model_rej': 0} 25782s
    ... {'checks': 26600000, 'confl': 1422668, 'model_rej': 0} 25822s
    ... {'checks': 26650000, 'confl': 1424168, 'model_rej': 0} 25864s
    ... {'checks': 26700000, 'confl': 1425561, 'model_rej': 0} 25904s
    ... {'checks': 26750000, 'confl': 1426740, 'model_rej': 0} 25946s
    ... {'checks': 26800000, 'confl': 1427841, 'model_rej': 0} 25988s
    ... {'checks': 26850000, 'confl': 1429123, 'model_rej': 0} 26029s
    ... {'checks': 26900000, 'confl': 1429746, 'model_rej': 0} 26171s
    ... {'checks': 26950000, 'confl': 1431221, 'model_rej': 0} 26212s
    ... {'checks': 27000000, 'confl': 1433306, 'model_rej': 0} 26260s
    ... {'checks': 27050000, 'confl': 1434909, 'model_rej': 0} 26304s
    ... {'checks': 27100000, 'confl': 1435333, 'model_rej': 0} 26334s
    ... {'checks': 27150000, 'confl': 1435886, 'model_rej': 0} 26368s
    ... {'checks': 27200000, 'confl': 1436396, 'model_rej': 0} 26402s
    ... {'checks': 27250000, 'confl': 1436839, 'model_rej': 0} 26433s
    ... {'checks': 27300000, 'confl': 1437490, 'model_rej': 0} 26466s
    ... {'checks': 27350000, 'confl': 1437874, 'model_rej': 0} 26496s
    ... {'checks': 27400000, 'confl': 1438175, 'model_rej': 0} 26525s
    ... {'checks': 27450000, 'confl': 1438472, 'model_rej': 0} 26556s
    ... {'checks': 27500000, 'confl': 1438987, 'model_rej': 0} 26587s
    ... {'checks': 27550000, 'confl': 1439639, 'model_rej': 0} 26620s
    ... {'checks': 27600000, 'confl': 1440208, 'model_rej': 0} 26649s
    ... {'checks': 27650000, 'confl': 1440609, 'model_rej': 0} 26678s
    ... {'checks': 27700000, 'confl': 1441002, 'model_rej': 0} 26707s
    ... {'checks': 27750000, 'confl': 1441494, 'model_rej': 0} 26887s
    ... {'checks': 27800000, 'confl': 1442462, 'model_rej': 0} 26919s
    ... {'checks': 27850000, 'confl': 1443396, 'model_rej': 0} 26949s
    ... {'checks': 27900000, 'confl': 1444000, 'model_rej': 0} 26980s
    ... {'checks': 27950000, 'confl': 1444786, 'model_rej': 0} 27012s
    ... {'checks': 28000000, 'confl': 1445784, 'model_rej': 0} 27046s
    ... {'checks': 28050000, 'confl': 1446845, 'model_rej': 0} 27077s
    ... {'checks': 28100000, 'confl': 1448307, 'model_rej': 0} 27117s
    ... {'checks': 28150000, 'confl': 1449681, 'model_rej': 0} 27156s
    ... {'checks': 28200000, 'confl': 1451142, 'model_rej': 0} 27194s
    ... {'checks': 28250000, 'confl': 1452302, 'model_rej': 0} 27232s
    ... {'checks': 28300000, 'confl': 1453445, 'model_rej': 0} 27271s
    ... {'checks': 28350000, 'confl': 1455087, 'model_rej': 0} 27313s
    ... {'checks': 28400000, 'confl': 1456439, 'model_rej': 0} 27350s
    ... {'checks': 28450000, 'confl': 1458063, 'model_rej': 0} 27389s
    ... {'checks': 28500000, 'confl': 1459134, 'model_rej': 0} 27425s
    ... {'checks': 28550000, 'confl': 1460297, 'model_rej': 0} 27462s
    ... {'checks': 28600000, 'confl': 1461028, 'model_rej': 0} 27582s
    ... {'checks': 28650000, 'confl': 1462030, 'model_rej': 0} 27617s
    ... {'checks': 28700000, 'confl': 1463305, 'model_rej': 0} 27655s
    ... {'checks': 28750000, 'confl': 1464351, 'model_rej': 0} 27690s
    ... {'checks': 28800000, 'confl': 1465553, 'model_rej': 0} 27726s
    ... {'checks': 28850000, 'confl': 1467033, 'model_rej': 0} 27764s
    ... {'checks': 28900000, 'confl': 1468103, 'model_rej': 0} 27801s
    ... {'checks': 28950000, 'confl': 1468659, 'model_rej': 0} 27837s
    ... {'checks': 29000000, 'confl': 1469293, 'model_rej': 0} 27876s
    ... {'checks': 29050000, 'confl': 1469632, 'model_rej': 0} 27907s
    ... {'checks': 29100000, 'confl': 1469947, 'model_rej': 0} 27939s
    ... {'checks': 29150000, 'confl': 1470309, 'model_rej': 0} 27971s
    ... {'checks': 29200000, 'confl': 1471118, 'model_rej': 0} 28006s
    ... {'checks': 29250000, 'confl': 1472742, 'model_rej': 0} 28044s
    ... {'checks': 29300000, 'confl': 1474415, 'model_rej': 0} 28080s
    ... {'checks': 29350000, 'confl': 1475393, 'model_rej': 0} 28113s
    ... {'checks': 29400000, 'confl': 1476264, 'model_rej': 0} 28146s
    ... {'checks': 29450000, 'confl': 1477319, 'model_rej': 0} 28181s
    ... {'checks': 29500000, 'confl': 1478644, 'model_rej': 0} 28379s
    ... {'checks': 29550000, 'confl': 1479590, 'model_rej': 0} 28415s
    ... {'checks': 29600000, 'confl': 1480436, 'model_rej': 0} 28449s
    ... {'checks': 29650000, 'confl': 1480996, 'model_rej': 0} 28484s
    ... {'checks': 29700000, 'confl': 1481589, 'model_rej': 0} 28515s
    ... {'checks': 29750000, 'confl': 1482087, 'model_rej': 0} 28547s
    ... {'checks': 29800000, 'confl': 1482516, 'model_rej': 0} 28582s
    ... {'checks': 29850000, 'confl': 1482984, 'model_rej': 0} 28615s
    ... {'checks': 29900000, 'confl': 1483451, 'model_rej': 0} 28648s
    ... {'checks': 29950000, 'confl': 1484118, 'model_rej': 0} 28684s
    ... {'checks': 30000000, 'confl': 1485145, 'model_rej': 0} 28720s
    ... {'checks': 30050000, 'confl': 1486138, 'model_rej': 0} 28757s
    ... {'checks': 30100000, 'confl': 1487067, 'model_rej': 0} 28790s
    ... {'checks': 30150000, 'confl': 1487954, 'model_rej': 0} 28822s
    ... {'checks': 30200000, 'confl': 1488689, 'model_rej': 0} 28853s
    ... {'checks': 30250000, 'confl': 1489484, 'model_rej': 0} 28886s
    ... {'checks': 30300000, 'confl': 1490107, 'model_rej': 0} 29019s
    ... {'checks': 30350000, 'confl': 1490674, 'model_rej': 0} 29050s
    ... {'checks': 30400000, 'confl': 1491312, 'model_rej': 0} 29211s
    ... {'checks': 30450000, 'confl': 1492358, 'model_rej': 0} 29245s
    ... {'checks': 30500000, 'confl': 1493048, 'model_rej': 0} 29275s
    ... {'checks': 30550000, 'confl': 1493675, 'model_rej': 0} 29306s
    ... {'checks': 30600000, 'confl': 1494172, 'model_rej': 0} 29337s
    ... {'checks': 30650000, 'confl': 1494733, 'model_rej': 0} 29368s
    ... {'checks': 30700000, 'confl': 1495022, 'model_rej': 0} 29399s
    ... {'checks': 30750000, 'confl': 1495521, 'model_rej': 0} 29430s
    ... {'checks': 30800000, 'confl': 1495791, 'model_rej': 0} 29459s
    ... {'checks': 30850000, 'confl': 1496143, 'model_rej': 0} 29490s
    ... {'checks': 30900000, 'confl': 1496659, 'model_rej': 0} 29520s
    ... {'checks': 30950000, 'confl': 1496919, 'model_rej': 0} 29549s
    ... {'checks': 31000000, 'confl': 1497630, 'model_rej': 0} 29583s
    ... {'checks': 31050000, 'confl': 1498362, 'model_rej': 0} 29615s
    ... {'checks': 31100000, 'confl': 1498866, 'model_rej': 0} 29646s
    ... {'checks': 31150000, 'confl': 1499308, 'model_rej': 0} 29677s
    ... {'checks': 31200000, 'confl': 1499550, 'model_rej': 0} 29705s
    ... {'checks': 31250000, 'confl': 1499933, 'model_rej': 0} 29934s
    ... {'checks': 31300000, 'confl': 1500459, 'model_rej': 0} 29967s
    ... {'checks': 31350000, 'confl': 1500787, 'model_rej': 0} 29999s
    ... {'checks': 31400000, 'confl': 1501549, 'model_rej': 0} 30031s
    ... {'checks': 31450000, 'confl': 1502263, 'model_rej': 0} 30062s
    ... {'checks': 31500000, 'confl': 1502807, 'model_rej': 0} 30093s
    ... {'checks': 31550000, 'confl': 1503449, 'model_rej': 0} 30124s
    ... {'checks': 31600000, 'confl': 1504638, 'model_rej': 0} 30162s
    ... {'checks': 31650000, 'confl': 1506036, 'model_rej': 0} 30203s
    ... {'checks': 31700000, 'confl': 1506734, 'model_rej': 0} 30236s
    ... {'checks': 31750000, 'confl': 1507811, 'model_rej': 0} 30272s
    ... {'checks': 31800000, 'confl': 1508565, 'model_rej': 0} 30305s
    ... {'checks': 31850000, 'confl': 1509087, 'model_rej': 0} 30338s
    ... {'checks': 31900000, 'confl': 1509647, 'model_rej': 0} 30370s
    ... {'checks': 31950000, 'confl': 1510335, 'model_rej': 0} 30402s
    ... {'checks': 32000000, 'confl': 1511009, 'model_rej': 0} 30433s
    ... {'checks': 32050000, 'confl': 1511476, 'model_rej': 0} 30464s
    ... {'checks': 32100000, 'confl': 1511994, 'model_rej': 0} 30494s
    ... {'checks': 32150000, 'confl': 1512477, 'model_rej': 0} 30524s
    ... {'checks': 32200000, 'confl': 1512964, 'model_rej': 0} 30685s
    ... {'checks': 32250000, 'confl': 1513469, 'model_rej': 0} 30714s
    ... {'checks': 32300000, 'confl': 1513884, 'model_rej': 0} 30743s
    ... {'checks': 32350000, 'confl': 1514477, 'model_rej': 0} 30773s
    ... {'checks': 32400000, 'confl': 1514962, 'model_rej': 0} 30802s
    ... {'checks': 32450000, 'confl': 1515415, 'model_rej': 0} 30831s
    ... {'checks': 32500000, 'confl': 1515777, 'model_rej': 0} 30861s
    ... {'checks': 32550000, 'confl': 1516040, 'model_rej': 0} 30888s
    ... {'checks': 32600000, 'confl': 1516424, 'model_rej': 0} 30918s
    ... {'checks': 32650000, 'confl': 1519553, 'model_rej': 0} 30970s
    ... {'checks': 32700000, 'confl': 1521482, 'model_rej': 0} 31017s
    ... {'checks': 32750000, 'confl': 1522260, 'model_rej': 0} 31058s
    ... {'checks': 32800000, 'confl': 1524069, 'model_rej': 0} 31103s
    ... {'checks': 32850000, 'confl': 1525365, 'model_rej': 0} 31144s
    ... {'checks': 32900000, 'confl': 1527958, 'model_rej': 0} 31197s
    ... {'checks': 32950000, 'confl': 1529664, 'model_rej': 0} 31241s
    ... {'checks': 33000000, 'confl': 1531544, 'model_rej': 0} 31282s
    ... {'checks': 33050000, 'confl': 1533121, 'model_rej': 0} 31322s
    ... {'checks': 33100000, 'confl': 1536745, 'model_rej': 0} 31380s
    ... {'checks': 33150000, 'confl': 1537705, 'model_rej': 0} 31417s
    ... {'checks': 33200000, 'confl': 1538910, 'model_rej': 0} 31454s
    ... {'checks': 33250000, 'confl': 1541085, 'model_rej': 0} 31499s
    ... {'checks': 33300000, 'confl': 1542790, 'model_rej': 0} 31545s
    ... {'checks': 33350000, 'confl': 1544787, 'model_rej': 0} 31595s
    ... {'checks': 33400000, 'confl': 1546069, 'model_rej': 0} 31633s
    ... {'checks': 33450000, 'confl': 1547465, 'model_rej': 0} 31676s
    ... {'checks': 33500000, 'confl': 1548568, 'model_rej': 0} 31713s
    ... {'checks': 33550000, 'confl': 1549658, 'model_rej': 0} 31918s
    ... {'checks': 33600000, 'confl': 1551090, 'model_rej': 0} 31968s
    ... {'checks': 33650000, 'confl': 1552659, 'model_rej': 0} 32012s
    ... {'checks': 33700000, 'confl': 1554139, 'model_rej': 0} 32057s
    ... {'checks': 33750000, 'confl': 1555241, 'model_rej': 0} 32096s
    ... {'checks': 33800000, 'confl': 1556465, 'model_rej': 0} 32137s
    ... {'checks': 33850000, 'confl': 1558036, 'model_rej': 0} 32182s
    ... {'checks': 33900000, 'confl': 1559404, 'model_rej': 0} 32224s
    ... {'checks': 33950000, 'confl': 1560950, 'model_rej': 0} 32271s
    ... {'checks': 34000000, 'confl': 1562817, 'model_rej': 0} 32318s
    ... {'checks': 34050000, 'confl': 1564124, 'model_rej': 0} 32361s
    ... {'checks': 34100000, 'confl': 1565892, 'model_rej': 0} 32409s
    ... {'checks': 34150000, 'confl': 1566630, 'model_rej': 0} 32444s
    ... {'checks': 34200000, 'confl': 1567334, 'model_rej': 0} 32479s
    ... {'checks': 34250000, 'confl': 1569100, 'model_rej': 0} 32527s
    ... {'checks': 34300000, 'confl': 1570435, 'model_rej': 0} 32574s
    ... {'checks': 34350000, 'confl': 1571564, 'model_rej': 0} 32616s
    ... {'checks': 34400000, 'confl': 1572568, 'model_rej': 0} 32657s
    ... {'checks': 34450000, 'confl': 1574522, 'model_rej': 0} 32705s
    ... {'checks': 34500000, 'confl': 1575375, 'model_rej': 0} 32742s
    ... {'checks': 34550000, 'confl': 1575853, 'model_rej': 0} 32773s
    ... {'checks': 34600000, 'confl': 1577027, 'model_rej': 0} 32811s
    ... {'checks': 34650000, 'confl': 1578584, 'model_rej': 0} 33072s
    ... {'checks': 34700000, 'confl': 1580269, 'model_rej': 0} 33121s
    ... {'checks': 34750000, 'confl': 1581138, 'model_rej': 0} 33155s
    ... {'checks': 34800000, 'confl': 1582917, 'model_rej': 0} 33209s
    ... {'checks': 34850000, 'confl': 1584691, 'model_rej': 0} 33256s
    ... {'checks': 34900000, 'confl': 1586216, 'model_rej': 0} 33300s
    ... {'checks': 34950000, 'confl': 1586612, 'model_rej': 0} 33330s
    ... {'checks': 35000000, 'confl': 1587773, 'model_rej': 0} 33369s
    ... {'checks': 35050000, 'confl': 1589407, 'model_rej': 0} 33415s
    ... {'checks': 35100000, 'confl': 1590631, 'model_rej': 0} 33455s
    ... {'checks': 35150000, 'confl': 1591572, 'model_rej': 0} 33492s
    ... {'checks': 35200000, 'confl': 1593696, 'model_rej': 0} 33550s
    ... {'checks': 35250000, 'confl': 1594774, 'model_rej': 0} 33596s
    ... {'checks': 35300000, 'confl': 1595835, 'model_rej': 0} 33636s
    ... {'checks': 35350000, 'confl': 1597586, 'model_rej': 0} 33682s
    ... {'checks': 35400000, 'confl': 1599248, 'model_rej': 0} 33721s
    ... {'checks': 35450000, 'confl': 1599920, 'model_rej': 0} 33758s
    ... {'checks': 35500000, 'confl': 1601044, 'model_rej': 0} 33797s
    ... {'checks': 35550000, 'confl': 1603530, 'model_rej': 0} 33846s
    ... {'checks': 35600000, 'confl': 1604352, 'model_rej': 0} 33880s
    ... {'checks': 35650000, 'confl': 1605521, 'model_rej': 0} 33919s
    ... {'checks': 35700000, 'confl': 1606269, 'model_rej': 0} 33950s
    ... {'checks': 35750000, 'confl': 1607079, 'model_rej': 0} 34078s
    ... {'checks': 35800000, 'confl': 1608214, 'model_rej': 0} 34159s
    ... {'checks': 35850000, 'confl': 1609702, 'model_rej': 0} 34199s
    ... {'checks': 35900000, 'confl': 1610601, 'model_rej': 0} 34235s
    ... {'checks': 35950000, 'confl': 1612022, 'model_rej': 0} 34278s
    ... {'checks': 36000000, 'confl': 1613031, 'model_rej': 0} 34313s
    ... {'checks': 36050000, 'confl': 1614307, 'model_rej': 0} 34352s
    ... {'checks': 36100000, 'confl': 1615661, 'model_rej': 0} 34392s
    ... {'checks': 36150000, 'confl': 1616696, 'model_rej': 0} 34431s
    ... {'checks': 36200000, 'confl': 1618376, 'model_rej': 0} 34475s
    ... {'checks': 36250000, 'confl': 1619517, 'model_rej': 0} 34514s
    ... {'checks': 36300000, 'confl': 1619873, 'model_rej': 0} 34543s
    ... {'checks': 36350000, 'confl': 1621465, 'model_rej': 0} 34583s
    ... {'checks': 36400000, 'confl': 1623644, 'model_rej': 0} 34627s
    ... {'checks': 36450000, 'confl': 1625239, 'model_rej': 0} 34670s
    ... {'checks': 36500000, 'confl': 1625992, 'model_rej': 0} 34705s
    ... {'checks': 36550000, 'confl': 1626461, 'model_rej': 0} 34736s
    ... {'checks': 36600000, 'confl': 1627341, 'model_rej': 0} 34771s
    ... {'checks': 36650000, 'confl': 1629235, 'model_rej': 0} 34816s
    ... {'checks': 36700000, 'confl': 1630679, 'model_rej': 0} 34859s
    ... {'checks': 36750000, 'confl': 1631552, 'model_rej': 0} 34894s
    ... {'checks': 36800000, 'confl': 1632444, 'model_rej': 0} 34927s
    ... {'checks': 36850000, 'confl': 1633376, 'model_rej': 0} 35071s
    ... {'checks': 36900000, 'confl': 1633815, 'model_rej': 0} 35105s
    ... {'checks': 36950000, 'confl': 1634212, 'model_rej': 0} 35137s
    ... {'checks': 37000000, 'confl': 1634636, 'model_rej': 0} 35206s
    ... {'checks': 37050000, 'confl': 1635252, 'model_rej': 0} 35237s
    ... {'checks': 37100000, 'confl': 1636339, 'model_rej': 0} 35278s
    ... {'checks': 37150000, 'confl': 1637283, 'model_rej': 0} 35314s
    ... {'checks': 37200000, 'confl': 1638575, 'model_rej': 0} 35358s
    ... {'checks': 37250000, 'confl': 1641120, 'model_rej': 0} 35406s
    ... {'checks': 37300000, 'confl': 1642134, 'model_rej': 0} 35440s
    ... {'checks': 37350000, 'confl': 1643601, 'model_rej': 0} 35480s
    ... {'checks': 37400000, 'confl': 1644460, 'model_rej': 0} 35515s
    ... {'checks': 37450000, 'confl': 1644890, 'model_rej': 0} 35548s
    ... {'checks': 37500000, 'confl': 1645162, 'model_rej': 0} 35577s
    ... {'checks': 37550000, 'confl': 1646042, 'model_rej': 0} 35612s
    ... {'checks': 37600000, 'confl': 1647107, 'model_rej': 0} 35650s
    ... {'checks': 37650000, 'confl': 1648092, 'model_rej': 0} 35682s
    ... {'checks': 37700000, 'confl': 1649740, 'model_rej': 0} 35723s
    ... {'checks': 37750000, 'confl': 1651843, 'model_rej': 0} 35769s
    ... {'checks': 37800000, 'confl': 1654952, 'model_rej': 0} 35819s
    ... {'checks': 37850000, 'confl': 1658236, 'model_rej': 0} 35872s
    ... {'checks': 37900000, 'confl': 1659600, 'model_rej': 0} 35906s
    ... {'checks': 37950000, 'confl': 1661238, 'model_rej': 0} 36037s
    ... {'checks': 38000000, 'confl': 1662436, 'model_rej': 0} 36073s
    ... {'checks': 38050000, 'confl': 1663384, 'model_rej': 0} 36108s
    ... {'checks': 38100000, 'confl': 1664710, 'model_rej': 0} 36150s
    ... {'checks': 38150000, 'confl': 1665412, 'model_rej': 0} 36182s
    ... {'checks': 38200000, 'confl': 1666430, 'model_rej': 0} 36219s
    ... {'checks': 38250000, 'confl': 1667793, 'model_rej': 0} 36263s
    ... {'checks': 38300000, 'confl': 1669643, 'model_rej': 0} 36304s
    ... {'checks': 38350000, 'confl': 1671301, 'model_rej': 0} 36343s
    ... {'checks': 38400000, 'confl': 1672418, 'model_rej': 0} 36378s
    ... {'checks': 38450000, 'confl': 1673966, 'model_rej': 0} 36420s
    ... {'checks': 38500000, 'confl': 1675418, 'model_rej': 0} 36462s
    ... {'checks': 38550000, 'confl': 1676537, 'model_rej': 0} 36495s
    ... {'checks': 38600000, 'confl': 1679251, 'model_rej': 0} 36539s
    ... {'checks': 38650000, 'confl': 1681126, 'model_rej': 0} 36581s
    ... {'checks': 38700000, 'confl': 1683105, 'model_rej': 0} 36627s
    ... {'checks': 38750000, 'confl': 1684588, 'model_rej': 0} 36672s
    ... {'checks': 38800000, 'confl': 1686008, 'model_rej': 0} 36714s
    ... {'checks': 38850000, 'confl': 1687077, 'model_rej': 0} 36755s
    ... {'checks': 38900000, 'confl': 1688893, 'model_rej': 0} 36800s
    ... {'checks': 38950000, 'confl': 1690651, 'model_rej': 0} 36843s
    ... {'checks': 39000000, 'confl': 1691672, 'model_rej': 0} 36879s
    ... {'checks': 39050000, 'confl': 1692643, 'model_rej': 0} 36915s
    ... {'checks': 39100000, 'confl': 1693546, 'model_rej': 0} 37069s
    ... {'checks': 39150000, 'confl': 1694372, 'model_rej': 0} 37106s
    ... {'checks': 39200000, 'confl': 1695199, 'model_rej': 0} 37141s
    ... {'checks': 39250000, 'confl': 1696053, 'model_rej': 0} 37174s
    ... {'checks': 39300000, 'confl': 1696812, 'model_rej': 0} 37206s
    ... {'checks': 39350000, 'confl': 1697776, 'model_rej': 0} 37240s
    ... {'checks': 39400000, 'confl': 1699782, 'model_rej': 0} 37285s
    ... {'checks': 39450000, 'confl': 1701126, 'model_rej': 0} 37326s
    ... {'checks': 39500000, 'confl': 1702866, 'model_rej': 0} 37370s
    ... {'checks': 39550000, 'confl': 1704863, 'model_rej': 0} 37416s
    ... {'checks': 39600000, 'confl': 1706249, 'model_rej': 0} 37456s
    ... {'checks': 39650000, 'confl': 1708980, 'model_rej': 0} 37510s
    ... {'checks': 39700000, 'confl': 1711274, 'model_rej': 0} 37550s
    ... {'checks': 39750000, 'confl': 1712587, 'model_rej': 0} 37591s
    ... {'checks': 39800000, 'confl': 1713344, 'model_rej': 0} 37625s
    ... {'checks': 39850000, 'confl': 1714607, 'model_rej': 0} 37668s
    ... {'checks': 39900000, 'confl': 1715162, 'model_rej': 0} 37699s
    ... {'checks': 39950000, 'confl': 1716297, 'model_rej': 0} 37737s
    ... {'checks': 40000000, 'confl': 1717171, 'model_rej': 0} 37771s
    ... {'checks': 40050000, 'confl': 1717579, 'model_rej': 0} 37802s
    ... {'checks': 40100000, 'confl': 1719150, 'model_rej': 0} 37927s
    ... {'checks': 40150000, 'confl': 1721055, 'model_rej': 0} 37973s
    ... {'checks': 40200000, 'confl': 1722430, 'model_rej': 0} 38013s
    ... {'checks': 40250000, 'confl': 1723489, 'model_rej': 0} 38183s
    ... {'checks': 40300000, 'confl': 1724416, 'model_rej': 0} 38217s
    ... {'checks': 40350000, 'confl': 1725697, 'model_rej': 0} 38252s
    ... {'checks': 40400000, 'confl': 1727018, 'model_rej': 0} 38287s
    ... {'checks': 40450000, 'confl': 1728497, 'model_rej': 0} 38329s
    ... {'checks': 40500000, 'confl': 1729770, 'model_rej': 0} 38371s
    ... {'checks': 40550000, 'confl': 1730390, 'model_rej': 0} 38403s
    ... {'checks': 40600000, 'confl': 1731677, 'model_rej': 0} 38441s
    ... {'checks': 40650000, 'confl': 1733100, 'model_rej': 0} 38483s
    ... {'checks': 40700000, 'confl': 1734924, 'model_rej': 0} 38525s
    ... {'checks': 40750000, 'confl': 1736144, 'model_rej': 0} 38562s
    ... {'checks': 40800000, 'confl': 1737400, 'model_rej': 0} 38602s
    ... {'checks': 40850000, 'confl': 1739053, 'model_rej': 0} 38638s
    ... {'checks': 40900000, 'confl': 1740657, 'model_rej': 0} 38679s
    ... {'checks': 40950000, 'confl': 1742387, 'model_rej': 0} 38724s
    ... {'checks': 41000000, 'confl': 1743631, 'model_rej': 0} 38763s
    ... {'checks': 41050000, 'confl': 1745394, 'model_rej': 0} 38807s
    ... {'checks': 41100000, 'confl': 1746111, 'model_rej': 0} 38841s
    ... {'checks': 41150000, 'confl': 1746690, 'model_rej': 0} 38872s
    ... {'checks': 41200000, 'confl': 1747667, 'model_rej': 0} 38911s
    ... {'checks': 41250000, 'confl': 1748569, 'model_rej': 0} 38946s
    ... {'checks': 41300000, 'confl': 1750070, 'model_rej': 0} 38986s
    ... {'checks': 41350000, 'confl': 1751434, 'model_rej': 0} 39057s
    ... {'checks': 41400000, 'confl': 1752676, 'model_rej': 0} 39216s
    ... {'checks': 41450000, 'confl': 1754208, 'model_rej': 0} 39259s
    ... {'checks': 41500000, 'confl': 1755156, 'model_rej': 0} 39297s
    ... {'checks': 41550000, 'confl': 1756142, 'model_rej': 0} 39332s
    ... {'checks': 41600000, 'confl': 1757024, 'model_rej': 0} 39367s
    ... {'checks': 41650000, 'confl': 1758030, 'model_rej': 0} 39404s
    ... {'checks': 41700000, 'confl': 1758929, 'model_rej': 0} 39441s
    ... {'checks': 41750000, 'confl': 1760557, 'model_rej': 0} 39484s
    ... {'checks': 41800000, 'confl': 1761742, 'model_rej': 0} 39520s
    ... {'checks': 41850000, 'confl': 1762862, 'model_rej': 0} 39559s
    ... {'checks': 41900000, 'confl': 1764206, 'model_rej': 0} 39598s
    ... {'checks': 41950000, 'confl': 1765109, 'model_rej': 0} 39634s
    ... {'checks': 42000000, 'confl': 1766058, 'model_rej': 0} 39668s
    ... {'checks': 42050000, 'confl': 1767415, 'model_rej': 0} 39706s
    ... {'checks': 42100000, 'confl': 1768661, 'model_rej': 0} 39740s
    ... {'checks': 42150000, 'confl': 1769308, 'model_rej': 0} 39771s
    ... {'checks': 42200000, 'confl': 1771021, 'model_rej': 0} 39814s
    ... {'checks': 42250000, 'confl': 1772618, 'model_rej': 0} 39857s
    ... {'checks': 42300000, 'confl': 1773697, 'model_rej': 0} 39893s
    ... {'checks': 42350000, 'confl': 1774793, 'model_rej': 0} 39932s
    ... {'checks': 42400000, 'confl': 1775678, 'model_rej': 0} 39967s
    ... {'checks': 42450000, 'confl': 1776598, 'model_rej': 0} 40003s
    ... {'checks': 42500000, 'confl': 1777571, 'model_rej': 0} 40040s
    ... {'checks': 42550000, 'confl': 1779840, 'model_rej': 0} 40083s
    ... {'checks': 42600000, 'confl': 1781918, 'model_rej': 0} 40276s
    ... {'checks': 42650000, 'confl': 1783217, 'model_rej': 0} 40315s
    ... {'checks': 42700000, 'confl': 1783987, 'model_rej': 0} 40350s
    ... {'checks': 42750000, 'confl': 1785464, 'model_rej': 0} 40393s
    ... {'checks': 42800000, 'confl': 1787699, 'model_rej': 0} 40437s
    ... {'checks': 42850000, 'confl': 1789319, 'model_rej': 0} 40478s
    ... {'checks': 42900000, 'confl': 1791137, 'model_rej': 0} 40519s
    ... {'checks': 42950000, 'confl': 1793084, 'model_rej': 0} 40561s
    ... {'checks': 43000000, 'confl': 1794125, 'model_rej': 0} 40603s
    ... {'checks': 43050000, 'confl': 1794710, 'model_rej': 0} 40635s
    ... {'checks': 43100000, 'confl': 1795636, 'model_rej': 0} 40673s
    ... {'checks': 43150000, 'confl': 1796720, 'model_rej': 0} 40714s
    ... {'checks': 43200000, 'confl': 1798486, 'model_rej': 0} 40758s
    ... {'checks': 43250000, 'confl': 1799667, 'model_rej': 0} 40797s
    ... {'checks': 43300000, 'confl': 1800248, 'model_rej': 0} 40832s
    ... {'checks': 43350000, 'confl': 1800885, 'model_rej': 0} 40868s
    ... {'checks': 43400000, 'confl': 1801902, 'model_rej': 0} 40908s
    ... {'checks': 43450000, 'confl': 1802599, 'model_rej': 0} 40941s
    ... {'checks': 43500000, 'confl': 1803394, 'model_rej': 0} 40976s
    ... {'checks': 43550000, 'confl': 1804803, 'model_rej': 0} 41018s
    ... {'checks': 43600000, 'confl': 1805773, 'model_rej': 0} 41053s
    ... {'checks': 43650000, 'confl': 1806376, 'model_rej': 0} 41085s
    ... {'checks': 43700000, 'confl': 1806961, 'model_rej': 0} 41116s
    ... {'checks': 43750000, 'confl': 1807516, 'model_rej': 0} 41248s
    ... {'checks': 43800000, 'confl': 1807991, 'model_rej': 0} 41279s
    ... {'checks': 43850000, 'confl': 1808843, 'model_rej': 0} 41309s
    ... {'checks': 43900000, 'confl': 1810303, 'model_rej': 0} 41399s
    ... {'checks': 43950000, 'confl': 1810990, 'model_rej': 0} 41430s
    ... {'checks': 44000000, 'confl': 1812104, 'model_rej': 0} 41471s
    ... {'checks': 44050000, 'confl': 1813085, 'model_rej': 0} 41508s
    ... {'checks': 44100000, 'confl': 1814681, 'model_rej': 0} 41550s
    ... {'checks': 44150000, 'confl': 1815894, 'model_rej': 0} 41590s
    ... {'checks': 44200000, 'confl': 1818739, 'model_rej': 0} 41643s
    ... {'checks': 44250000, 'confl': 1819930, 'model_rej': 0} 41683s
    ... {'checks': 44300000, 'confl': 1821080, 'model_rej': 0} 41719s
    ... {'checks': 44350000, 'confl': 1822078, 'model_rej': 0} 41754s
    ... {'checks': 44400000, 'confl': 1823789, 'model_rej': 0} 41793s
    ... {'checks': 44450000, 'confl': 1824488, 'model_rej': 0} 41827s
    ... {'checks': 44500000, 'confl': 1825230, 'model_rej': 0} 41861s
    ... {'checks': 44550000, 'confl': 1826429, 'model_rej': 0} 41899s
    ... {'checks': 44600000, 'confl': 1828341, 'model_rej': 0} 41943s
    ... {'checks': 44650000, 'confl': 1830040, 'model_rej': 0} 41987s
    ... {'checks': 44700000, 'confl': 1830674, 'model_rej': 0} 42019s
    ... {'checks': 44750000, 'confl': 1831339, 'model_rej': 0} 42052s
    ... {'checks': 44800000, 'confl': 1832811, 'model_rej': 0} 42094s
    ... {'checks': 44850000, 'confl': 1833866, 'model_rej': 0} 42130s
    ... {'checks': 44900000, 'confl': 1835169, 'model_rej': 0} 42171s
    ... {'checks': 44950000, 'confl': 1836429, 'model_rej': 0} 42344s
    ... {'checks': 45000000, 'confl': 1837611, 'model_rej': 0} 42383s
    ... {'checks': 45050000, 'confl': 1839106, 'model_rej': 0} 42421s
    ... {'checks': 45100000, 'confl': 1840330, 'model_rej': 0} 42459s
    ... {'checks': 45150000, 'confl': 1841464, 'model_rej': 0} 42493s
    ... {'checks': 45200000, 'confl': 1842330, 'model_rej': 0} 42579s
    ... {'checks': 45250000, 'confl': 1843145, 'model_rej': 0} 42615s
    ... {'checks': 45300000, 'confl': 1844016, 'model_rej': 0} 42655s
    ... {'checks': 45350000, 'confl': 1845121, 'model_rej': 0} 42692s
    ... {'checks': 45400000, 'confl': 1846583, 'model_rej': 0} 42733s
    ... {'checks': 45450000, 'confl': 1847540, 'model_rej': 0} 42771s
    ... {'checks': 45500000, 'confl': 1848461, 'model_rej': 0} 42806s
    ... {'checks': 45550000, 'confl': 1849320, 'model_rej': 0} 42844s
    ... {'checks': 45600000, 'confl': 1850429, 'model_rej': 0} 42878s
    ... {'checks': 45650000, 'confl': 1851504, 'model_rej': 0} 42916s
    ... {'checks': 45700000, 'confl': 1852083, 'model_rej': 0} 42950s
    ... {'checks': 45750000, 'confl': 1853171, 'model_rej': 0} 42990s
    ... {'checks': 45800000, 'confl': 1854164, 'model_rej': 0} 43028s
    ... {'checks': 45850000, 'confl': 1855384, 'model_rej': 0} 43066s
    ... {'checks': 45900000, 'confl': 1856230, 'model_rej': 0} 43101s
    ... {'checks': 45950000, 'confl': 1857255, 'model_rej': 0} 43138s
    ... {'checks': 46000000, 'confl': 1858169, 'model_rej': 0} 43174s
    ... {'checks': 46050000, 'confl': 1859525, 'model_rej': 0} 43215s
    ... {'checks': 46100000, 'confl': 1860899, 'model_rej': 0} 43252s
    ... {'checks': 46150000, 'confl': 1861827, 'model_rej': 0} 43289s
    ... {'checks': 46200000, 'confl': 1862726, 'model_rej': 0} 43477s
    ... {'checks': 46250000, 'confl': 1863408, 'model_rej': 0} 43511s
    ... {'checks': 46300000, 'confl': 1863905, 'model_rej': 0} 43545s
    ... {'checks': 46350000, 'confl': 1864826, 'model_rej': 0} 43581s
    ... {'checks': 46400000, 'confl': 1865975, 'model_rej': 0} 43620s
    ... {'checks': 46450000, 'confl': 1867019, 'model_rej': 0} 43658s
    ... {'checks': 46500000, 'confl': 1868103, 'model_rej': 0} 43696s
    ... {'checks': 46550000, 'confl': 1869047, 'model_rej': 0} 43733s
    ... {'checks': 46600000, 'confl': 1870145, 'model_rej': 0} 43812s
    ... {'checks': 46650000, 'confl': 1870874, 'model_rej': 0} 43848s
    ... {'checks': 46700000, 'confl': 1871582, 'model_rej': 0} 43883s
    ... {'checks': 46750000, 'confl': 1873219, 'model_rej': 0} 43926s
    ... {'checks': 46800000, 'confl': 1873729, 'model_rej': 0} 43959s
    ... {'checks': 46850000, 'confl': 1874104, 'model_rej': 0} 43989s
    ... {'checks': 46900000, 'confl': 1874660, 'model_rej': 0} 44019s
    ... {'checks': 46950000, 'confl': 1875564, 'model_rej': 0} 44057s
    ... {'checks': 47000000, 'confl': 1876451, 'model_rej': 0} 44091s
    ... {'checks': 47050000, 'confl': 1877119, 'model_rej': 0} 44124s
    ... {'checks': 47100000, 'confl': 1878439, 'model_rej': 0} 44166s
    ... {'checks': 47150000, 'confl': 1879247, 'model_rej': 0} 44200s
    ... {'checks': 47200000, 'confl': 1879751, 'model_rej': 0} 44230s
    ... {'checks': 47250000, 'confl': 1880382, 'model_rej': 0} 44264s
    ... {'checks': 47300000, 'confl': 1881202, 'model_rej': 0} 44301s
    ... {'checks': 47350000, 'confl': 1881892, 'model_rej': 0} 44332s
    ... {'checks': 47400000, 'confl': 1883035, 'model_rej': 0} 44519s
    ... {'checks': 47450000, 'confl': 1883848, 'model_rej': 0} 44555s
    ... {'checks': 47500000, 'confl': 1884453, 'model_rej': 0} 44583s
    ... {'checks': 47550000, 'confl': 1885035, 'model_rej': 0} 44614s
    ... {'checks': 47600000, 'confl': 1885827, 'model_rej': 0} 44647s
    ... {'checks': 47650000, 'confl': 1886887, 'model_rej': 0} 44686s
    ... {'checks': 47700000, 'confl': 1887373, 'model_rej': 0} 44722s
    ... {'checks': 47750000, 'confl': 1888067, 'model_rej': 0} 44756s
    ... {'checks': 47800000, 'confl': 1889019, 'model_rej': 0} 44794s
    ... {'checks': 47850000, 'confl': 1890684, 'model_rej': 0} 44836s
    ... {'checks': 47900000, 'confl': 1892165, 'model_rej': 0} 44875s
    ... {'checks': 47950000, 'confl': 1893811, 'model_rej': 0} 44917s
    ... {'checks': 48000000, 'confl': 1895031, 'model_rej': 0} 44992s
    ... {'checks': 48050000, 'confl': 1895611, 'model_rej': 0} 45023s
    ... {'checks': 48100000, 'confl': 1896119, 'model_rej': 0} 45052s
    ... {'checks': 48150000, 'confl': 1897055, 'model_rej': 0} 45089s
    ... {'checks': 48200000, 'confl': 1898084, 'model_rej': 0} 45126s
    ... {'checks': 48250000, 'confl': 1899194, 'model_rej': 0} 45162s
    ... {'checks': 48300000, 'confl': 1899933, 'model_rej': 0} 45197s
    ... {'checks': 48350000, 'confl': 1901086, 'model_rej': 0} 45237s
    ... {'checks': 48400000, 'confl': 1901654, 'model_rej': 0} 45268s
    ... {'checks': 48450000, 'confl': 1902079, 'model_rej': 0} 45297s
    ... {'checks': 48500000, 'confl': 1902984, 'model_rej': 0} 45331s
    ... {'checks': 48550000, 'confl': 1903761, 'model_rej': 0} 45364s
    ... {'checks': 48600000, 'confl': 1905213, 'model_rej': 0} 45555s
    ... {'checks': 48650000, 'confl': 1906013, 'model_rej': 0} 45587s
    ... {'checks': 48700000, 'confl': 1906907, 'model_rej': 0} 45622s
    ... {'checks': 48750000, 'confl': 1907548, 'model_rej': 0} 45654s
    ... {'checks': 48800000, 'confl': 1908157, 'model_rej': 0} 45686s
    ... {'checks': 48850000, 'confl': 1909271, 'model_rej': 0} 45725s
    ... {'checks': 48900000, 'confl': 1910463, 'model_rej': 0} 45763s
    ... {'checks': 48950000, 'confl': 1911491, 'model_rej': 0} 45797s
    ... {'checks': 49000000, 'confl': 1912174, 'model_rej': 0} 45831s
    ... {'checks': 49050000, 'confl': 1913478, 'model_rej': 0} 45870s
    ... {'checks': 49100000, 'confl': 1914103, 'model_rej': 0} 45900s
    ... {'checks': 49150000, 'confl': 1915355, 'model_rej': 0} 45939s
    ... {'checks': 49200000, 'confl': 1916730, 'model_rej': 0} 45981s
    ... {'checks': 49250000, 'confl': 1917934, 'model_rej': 0} 46020s
    ... {'checks': 49300000, 'confl': 1918604, 'model_rej': 0} 46053s
    ... {'checks': 49350000, 'confl': 1919128, 'model_rej': 0} 46081s
    ... {'checks': 49400000, 'confl': 1919654, 'model_rej': 0} 46140s
    ... {'checks': 49450000, 'confl': 1920258, 'model_rej': 0} 46173s
    ... {'checks': 49500000, 'confl': 1921360, 'model_rej': 0} 46208s
    ... {'checks': 49550000, 'confl': 1922159, 'model_rej': 0} 46241s
    ... {'checks': 49600000, 'confl': 1922893, 'model_rej': 0} 46271s
    ... {'checks': 49650000, 'confl': 1923862, 'model_rej': 0} 46306s
    ... {'checks': 49700000, 'confl': 1924268, 'model_rej': 0} 46336s
    ... {'checks': 49750000, 'confl': 1924663, 'model_rej': 0} 46366s
    ... {'checks': 49800000, 'confl': 1925113, 'model_rej': 0} 46395s
    ... {'checks': 49850000, 'confl': 1926042, 'model_rej': 0} 46577s
    ... {'checks': 49900000, 'confl': 1926997, 'model_rej': 0} 46612s
    ... {'checks': 49950000, 'confl': 1928116, 'model_rej': 0} 46649s
    ... {'checks': 50000000, 'confl': 1929014, 'model_rej': 0} 46683s
    ... {'checks': 50050000, 'confl': 1929641, 'model_rej': 0} 46716s
    ... {'checks': 50100000, 'confl': 1930512, 'model_rej': 0} 46752s
    ... {'checks': 50150000, 'confl': 1931538, 'model_rej': 0} 46788s
    ... {'checks': 50200000, 'confl': 1932333, 'model_rej': 0} 46822s
    ... {'checks': 50250000, 'confl': 1932793, 'model_rej': 0} 46853s
    ... {'checks': 50300000, 'confl': 1933291, 'model_rej': 0} 46882s
    ... {'checks': 50350000, 'confl': 1933942, 'model_rej': 0} 46914s
    ... {'checks': 50400000, 'confl': 1934945, 'model_rej': 0} 46951s
    ... {'checks': 50450000, 'confl': 1935710, 'model_rej': 0} 46986s
    ... {'checks': 50500000, 'confl': 1936617, 'model_rej': 0} 47018s
    ... {'checks': 50550000, 'confl': 1937581, 'model_rej': 0} 47051s
    ... {'checks': 50600000, 'confl': 1938228, 'model_rej': 0} 47080s
    ... {'checks': 50650000, 'confl': 1939105, 'model_rej': 0} 47111s
    ... {'checks': 50700000, 'confl': 1939704, 'model_rej': 0} 47142s
    ... {'checks': 50750000, 'confl': 1940564, 'model_rej': 0} 47175s
    ... {'checks': 50800000, 'confl': 1941334, 'model_rej': 0} 47235s
    ... {'checks': 50850000, 'confl': 1941993, 'model_rej': 0} 47264s
    ... {'checks': 50900000, 'confl': 1942590, 'model_rej': 0} 47291s
    ... {'checks': 50950000, 'confl': 1943290, 'model_rej': 0} 47321s
    ... {'checks': 51000000, 'confl': 1943926, 'model_rej': 0} 47349s
    ... {'checks': 51050000, 'confl': 1944595, 'model_rej': 0} 47380s
    ... {'checks': 51100000, 'confl': 1945130, 'model_rej': 0} 47566s
    ... {'checks': 51150000, 'confl': 1945684, 'model_rej': 0} 47595s
    ... {'checks': 51200000, 'confl': 1946242, 'model_rej': 0} 47625s
    ... {'checks': 51250000, 'confl': 1946906, 'model_rej': 0} 47658s
    ... {'checks': 51300000, 'confl': 1947285, 'model_rej': 0} 47686s
    ... {'checks': 51350000, 'confl': 1947855, 'model_rej': 0} 47715s
    ... {'checks': 51400000, 'confl': 1948396, 'model_rej': 0} 47743s
    ... {'checks': 51450000, 'confl': 1948823, 'model_rej': 0} 47772s
[q18-cone-c5-44333-symon] stats: {'checks': 51490171, 'confl': 1949261, 'model_rej': 0}
[q18-cone-c5-44333-symon] UNSAT in 47796.5s — NOT BIPLANAR (subject to control validation)
# solver exited rc=0 at Mon Aug 31 00:07:00 PDT 2026
